wsh> wsh> 0a1,2
> cat: invalid option -- 'h'
> Try 'cat --help' for more information.
