Makefile
out.txt
script.wsh
test_mkdir
wsh
wsh-dbg
wsh.c
wsh.h
